// Jest Snapshot v1, https://goo.gl/fbAQLP

exports[`renders 1`] = `
<TabNavigator>
  <TabNavigatorItem
    onPress={[Function]}
    renderIcon={[Function]}
    renderSelectedIcon={[Function]}
    selected={true}
    selectedTitleStyle={
      Object {
        "color": "#3496f0",
      }
    }
    title="Home"
  >
    <HomeScreen />
  </TabNavigatorItem>
  <TabNavigatorItem
    onPress={[Function]}
    renderIcon={[Function]}
    renderSelectedIcon={[Function]}
    selected={false}
    selectedTitleStyle={
      Object {
        "color": "#3496f0",
      }
    }
    title="Coins"
  >
    <CoinsScreen />
  </TabNavigatorItem>
  <TabNavigatorItem
    onPress={[Function]}
    renderIcon={[Function]}
    renderSelectedIcon={[Function]}
    selected={false}
    selectedTitleStyle={
      Object {
        "color": "#3496f0",
      }
    }
    title="Settings"
  >
    <SettingsScreen />
  </TabNavigatorItem>
</TabNavigator>
`;
